--- Test 1: Video with Auto-Generated Korean Captions (d4V5Jesht0c) ---
Listing transcripts for d4V5Jesht0c...
Transcripts listed: ['ko']
Looking for 'ko'...
Found 'ko': True
Fetching content for ko...
Fetch successful.
[AI 요약]
이것은 AI 요약 테스트 결과입니다.
- 첫 번째 핵심 내용
- 두 번째 핵심 내용
- 세 번째 핵심 내용

(AI가 생성한 요약입니다.)


--- Test 2: Video with NO Captions (jY8hV2I9w9c) ---
Listing transcripts for jY8hV2I9w9c...
Transcript fetch failed: 
Could not retrieve a transcript for the video https://www.youtube.com/watch?v=jY8hV2I9w9c! This is most likely caused by:

The video is no longer available

If you are sure that the described cause is not responsible for this error and that a transcript should be retrievable, please create an issue at https://github.com/jdepoix/youtube-transcript-api/issues. Please add which version of youtube_transcript_api you are using and provide the information needed to replicate the error. Also make sure that there are no open issues which already describe your problem!
[AI 요약] 'Test Video 2' 영상입니다.

(자막을 가져올 수 없어 요약을 생성하지 못했습니다. 영상에서 직접 내용을 확인해주세요. 오류: 
Could not retrieve a transcript for the video https://www.youtube.com/watch?v=jY8hV2I9w9c! This is most likely caused by:

The video is no longer available

If you are sure that the described cause is not responsible for this error and that a transcript should be retrievable, please create an issue at https://github.com/jdepoix/youtube-transcript-api/issues. Please add which version of youtube_transcript_api you are using and provide the information needed to replicate the error. Also make sure that there are no open issues which already describe your problem!)


